2026-06-21 04:12:42,092 - INFO - RANDOM FOREST TRAINING
2026-06-21 04:12:42,092 - INFO - ============================================================
2026-06-21 04:12:42,092 - INFO - Dataset: 137,470 verified URLs (50/50 balanced)
2026-06-21 04:12:42,093 - INFO - Train : 96,228  x 545 features
2026-06-21 04:12:42,093 - INFO - Val   : 20,621  x 545 features
2026-06-21 04:12:42,093 - INFO - Test  : 20,621  x 545 features
2026-06-21 04:12:42,093 - INFO - ============================================================
2026-06-21 04:12:42,093 - INFO - 
Loading feature files...
2026-06-21 04:12:42,094 - INFO -    Loading features_train.npz...
2026-06-21 04:12:42,343 - INFO -    Shape: (184678, 552)  |  Benign: 92,339  Malicious: 92,339
2026-06-21 04:12:42,343 - INFO -    Loading features_val.npz...
2026-06-21 04:12:42,394 - INFO -    Shape: (39575, 552)  |  Benign: 19,787  Malicious: 19,788
2026-06-21 04:12:42,394 - INFO -    Loading features_test.npz...
2026-06-21 04:12:42,444 - INFO -    Shape: (39575, 552)  |  Benign: 19,788  Malicious: 19,787
2026-06-21 04:12:42,444 - INFO - 
Feature count consistent: 552
2026-06-21 04:12:42,444 - INFO - 
Training Random Forest...
2026-06-21 04:12:42,444 - INFO -    Samples      : 184,678
2026-06-21 04:12:42,444 - INFO -    Features     : 552
2026-06-21 04:12:42,445 - INFO -    Trees        : 300
2026-06-21 04:12:42,445 - INFO -    Max depth    : 25
2026-06-21 04:12:42,445 - INFO -    Class weight : None
2026-06-21 04:17:32,235 - INFO -    Training time: 4.8 minutes
2026-06-21 04:17:32,235 - INFO -    Trees built  : 300
2026-06-21 04:17:32,304 - INFO - 
Feature importances:
2026-06-21 04:17:32,390 - INFO - 
   Top 20 most important features:
2026-06-21 04:17:32,390 - INFO -     Rank                             Feature   Importance
2026-06-21 04:17:32,390 - INFO -        1                          https_flag       0.0690
2026-06-21 04:17:32,390 - INFO -        2                      max_consonants       0.0627
2026-06-21 04:17:32,391 - INFO -        3                             tld_len       0.0239
2026-06-21 04:17:32,391 - INFO -        4                            path_len       0.0233
2026-06-21 04:17:32,391 - INFO -        5                             word_48       0.0225
2026-06-21 04:17:32,391 - INFO -        6                             char_19       0.0198
2026-06-21 04:17:32,391 - INFO -        7                            char_213       0.0195
2026-06-21 04:17:32,392 - INFO -        8                          num_digits       0.0182
2026-06-21 04:17:32,392 - INFO -        9                         url_entropy       0.0171
2026-06-21 04:17:32,392 - INFO -       10                            char_179       0.0153
2026-06-21 04:17:32,392 - INFO -       11                           sus_words       0.0150
2026-06-21 04:17:32,392 - INFO -       12                             char_18       0.0145
2026-06-21 04:17:32,392 - INFO -       13                             char_91       0.0137
2026-06-21 04:17:32,392 - INFO -       14                       num_repeating       0.0137
2026-06-21 04:17:32,392 - INFO -       15                             char_89       0.0135
2026-06-21 04:17:32,393 - INFO -       16                             char_17       0.0132
2026-06-21 04:17:32,393 - INFO -       17                            char_211       0.0127
2026-06-21 04:17:32,393 - INFO -       18                             char_28       0.0123
2026-06-21 04:17:32,393 - INFO -       19                          domain_len       0.0118
2026-06-21 04:17:32,393 - INFO -       20                          path_depth       0.0117
2026-06-21 04:17:32,395 - INFO - 
   291 features cover 95% of decisions (out of 552)
2026-06-21 04:17:32,395 - INFO - 
Tuning threshold on VAL set...
2026-06-21 04:17:33,606 - INFO -    Best threshold : 0.45
2026-06-21 04:17:33,607 - INFO -    Best F1 (val)  : 0.9536
2026-06-21 04:17:33,607 - INFO - 
   Threshold search (around best):
2026-06-21 04:17:33,607 - INFO -     Threshold       F1   Recall  Precision
2026-06-21 04:17:33,607 - INFO -          0.41   0.9526   0.9524     0.9529
2026-06-21 04:17:33,607 - INFO -          0.42   0.9534   0.9510     0.9558
2026-06-21 04:17:33,608 - INFO -          0.43   0.9534   0.9491     0.9578
2026-06-21 04:17:33,608 - INFO -          0.44   0.9534   0.9467     0.9602
2026-06-21 04:17:33,608 - INFO -          0.45   0.9536   0.9448     0.9625 <-- best
2026-06-21 04:17:33,608 - INFO -          0.46   0.9534   0.9422     0.9648
2026-06-21 04:17:33,608 - INFO -          0.47   0.9531   0.9396     0.9669
2026-06-21 04:17:33,608 - INFO -          0.48   0.9528   0.9370     0.9691
2026-06-21 04:17:33,608 - INFO -          0.49   0.9527   0.9349     0.9712
2026-06-21 04:17:33,608 - INFO -          0.50   0.9519   0.9319     0.9727
2026-06-21 04:17:33,609 - INFO - 
Evaluating on VAL (39,575 samples)...
2026-06-21 04:17:34,128 - INFO - 
   VAL RESULTS (threshold=0.45)
2026-06-21 04:17:34,129 - INFO -    =============================================
2026-06-21 04:17:34,129 - INFO -    Accuracy  : 0.9540
2026-06-21 04:17:34,129 - INFO -    Precision : 0.9625  (of predicted malicious, how many are)
2026-06-21 04:17:34,129 - INFO -    Recall    : 0.9448  (of actual malicious, how many caught)
2026-06-21 04:17:34,129 - INFO -    F1        : 0.9536
2026-06-21 04:17:34,129 - INFO -    AUC-ROC   : 0.9897
2026-06-21 04:17:34,129 - INFO - 
   Confusion Matrix:
2026-06-21 04:17:34,130 - INFO -    TN=19,058  FP=729
2026-06-21 04:17:34,130 - INFO -    FN=1,092  TP=18,696
2026-06-21 04:17:34,130 - INFO - 
   FPR: 0.0368  (729 legit URLs wrongly blocked)
2026-06-21 04:17:34,130 - INFO -    FNR: 0.0552  (1,092 malicious URLs missed)
2026-06-21 04:17:34,182 - INFO - 
Evaluating on TEST (39,575 samples)...
2026-06-21 04:17:34,696 - INFO - 
   TEST RESULTS (threshold=0.45)
2026-06-21 04:17:34,696 - INFO -    =============================================
2026-06-21 04:17:34,696 - INFO -    Accuracy  : 0.9533
2026-06-21 04:17:34,696 - INFO -    Precision : 0.9604  (of predicted malicious, how many are)
2026-06-21 04:17:34,696 - INFO -    Recall    : 0.9455  (of actual malicious, how many caught)
2026-06-21 04:17:34,696 - INFO -    F1        : 0.9529
2026-06-21 04:17:34,697 - INFO -    AUC-ROC   : 0.9896
2026-06-21 04:17:34,697 - INFO - 
   Confusion Matrix:
2026-06-21 04:17:34,697 - INFO -    TN=19,017  FP=771
2026-06-21 04:17:34,697 - INFO -    FN=1,078  TP=18,709
2026-06-21 04:17:34,697 - INFO - 
   FPR: 0.0390  (771 legit URLs wrongly blocked)
2026-06-21 04:17:34,697 - INFO -    FNR: 0.0545  (1,078 malicious URLs missed)
2026-06-21 04:17:34,746 - INFO - 
Saving model and metrics...
2026-06-21 04:17:36,229 - INFO - 
   Model saved : d:\Research Project\Research_Working _dir_2\malicious_url_detection\models\rf_model_20260621_041734.joblib
2026-06-21 04:17:36,229 - INFO -    Model size  : 40.3 MB
2026-06-21 04:17:37,706 - INFO -    Latest model: d:\Research Project\Research_Working _dir_2\malicious_url_detection\models\rf_model_latest.joblib
2026-06-21 04:17:37,707 - INFO -    Threshold   : d:\Research Project\Research_Working _dir_2\malicious_url_detection\models\threshold.json
2026-06-21 04:17:37,708 - INFO -    Metrics     : d:\Research Project\Research_Working _dir_2\malicious_url_detection\results\metrics\rf_metrics_20260621_041734.json
2026-06-21 04:17:37,708 - INFO - 
============================================================
2026-06-21 04:17:37,708 - INFO - TRAINING COMPLETE
2026-06-21 04:17:37,709 - INFO - ============================================================
2026-06-21 04:17:37,709 - INFO - 
   Threshold  : 0.45
2026-06-21 04:17:37,709 - INFO - 
   VAL  F1    : 0.9536
2026-06-21 04:17:37,709 - INFO -    VAL  AUC   : 0.9897
2026-06-21 04:17:37,709 - INFO -    VAL  FPR   : 0.0368
2026-06-21 04:17:37,709 - INFO -    VAL  FNR   : 0.0552
2026-06-21 04:17:37,710 - INFO - 
   TEST F1    : 0.9529
2026-06-21 04:17:37,710 - INFO -    TEST AUC   : 0.9896
2026-06-21 04:17:37,710 - INFO -    TEST FPR   : 0.0390
2026-06-21 04:17:37,710 - INFO -    TEST FNR   : 0.0545
2026-06-21 04:17:37,710 - INFO - 
   Val/Test F1 gap = 0.0007 (healthy, no overfitting)
2026-06-21 04:17:37,710 - INFO - 
   Model : d:\Research Project\Research_Working _dir_2\malicious_url_detection\models\rf_model_20260621_041734.joblib
2026-06-21 04:17:37,711 - INFO -    Next  : run test_model.py
